[2025-08-17 19:38:18] Неудачная попытка входа: пользователь 'andrew' не найден.
[2025-08-17 19:38:34] !!! ВНИМАНИЕ: Неудачная попытка входа под учетной записью АДМИНИСТРАТОРА 'admin'.
[2025-08-17 19:38:43] !!! ВНИМАНИЕ: Неудачная попытка входа под учетной записью АДМИНИСТРАТОРА 'admin'.
[2025-08-17 19:41:12] !!! ВНИМАНИЕ: Неудачная попытка входа под учетной записью АДМИНИСТРАТОРА 'admin'.
[2025-08-17 19:41:47] Пользователь 'admin' успешно вошел в систему.
[2025-08-17 19:43:11] Пользователь 'admin' успешно вошел в систему.
[2025-08-17 19:43:18] УСПЕХ: Пользователь 'admin' прочитал файл 'users.data'.
[2025-08-17 19:43:31] УСПЕХ: Пользователь 'admin' прочитал файл 'app_activity.log'.
[2025-08-17 19:43:44] УСПЕХ: Пользователь 'admin' записал 4 байт в файл 'test.txt'.
[2025-08-17 19:43:50] УСПЕХ: Пользователь 'admin' запросил чтение несуществующего файла 'test.tx'. Файл создан.
[2025-08-17 19:43:56] УСПЕХ: Пользователь 'admin' прочитал файл 'test.txt'.
[2025-08-17 19:44:00] УСПЕХ: Пользователь 'admin' прочитал файл 'test.tx'.
[2025-08-17 19:44:12] Создан новый пользователь: 'andrew'.
[2025-08-17 19:44:16] Пользователь 'andrew' успешно вошел в систему.
[2025-08-19 00:27:21] Пользователь 'andrew' успешно вошел в систему.
[2025-08-19 00:27:29] УСПЕХ: Пользователь 'andrew' прочитал файл 'users.data'.
[2025-08-19 00:27:43] ОТКАЗ: Пользователь 'andrew' попытался прочитать файл журнала.
[2025-08-19 00:28:18] Пользователь 'admin' успешно вошел в систему.
[2025-08-19 00:28:32] Администратор 'admin' создал нового пользователя: 'peter'.
[2025-08-19 00:28:44] Пользователь 'peter' успешно вошел в систему.
[2025-08-19 00:31:19] Пользователь 'admin' успешно вошел в систему.
[2025-08-19 00:31:40] Пользователь 'admin' удалил пользователя 'peter'.
[2025-08-19 16:22:16] Пользователь 'admin' успешно вошел в систему.
[2025-08-19 16:22:48] Пользователь 'admin' прочитал файл 'users.data'.
[2025-08-19 16:22:57] Пользователь 'andrew' успешно вошел в систему.
[2025-08-19 16:23:05] ОТКАЗ: Пользователь 'andrew' попытался получить доступ к системному файлу: users.data
[2025-08-19 16:23:17] ОТКАЗ: Пользователь 'andrew' попытался получить доступ к системному файлу: app_activity.log
[2025-08-19 16:28:27] Неудачная попытка входа для пользователя 'andrew'. Попытка 1 из 3.
[2025-08-19 16:28:36] Пользователь 'andrew' успешно вошел в систему.
[2025-08-19 16:28:52] Пользователь 'andrew' прочитал файл 'project_source.md'.
[2025-08-19 16:29:12] Пользователь 'andrew' прочитал файл 'test.txt'.
[2025-08-19 16:29:22] !!! ВНИМАНИЕ: Неудачная попытка входа под учетной записью АДМИНИСТРАТОРА 'admin'.
[2025-08-19 16:29:30] Пользователь 'admin' успешно вошел в систему.
[2025-08-19 16:32:53] Пользователь 'andrew' успешно вошел в систему.
[2025-08-19 16:33:01] Пользователь 'andrew' прочитал файл 'test.txt'.
[2025-08-19 16:33:10] ОТКАЗ: Пользователь 'andrew' попытался получить доступ к системному файлу: users.data
[2025-08-19 16:33:24] Пользователь 'admin' успешно вошел в систему.
[2025-08-19 16:36:20] Пользователь 'andrew' успешно вошел в систему.
[2025-08-19 16:36:32] ОТКАЗ: Пользователь 'andrew' попытался получить доступ к системному файлу: users.data
[2025-08-19 16:36:44] Пользователь 'andrew' прочитал файл 'project_source.md'.
[2025-08-19 16:36:55] Пользователь 'admin' успешно вошел в систему.
